// Jest Snapshot v1, https://goo.gl/fbAQLP

exports[`Тестирование компонента Button Компонент с надписью рендерится корректно 1`] = `
<DocumentFragment>
  <button
    class="text text_type_button text_color_primary button undefined false "
    type="button"
  >
    <p
      class="text undefined"
    >
      Развернуть
    </p>
  </button>
</DocumentFragment>
`;
